/scratch/user/u.js213354/Hamband/wellcoordination/workload/3-400000-0/kvstore
ops: 400000
write_perc: 0
writes: 0
reads: 400000
expected #calls per update method 0
expected #calls per conflicting writes in leader 0
total conflicting #calls in leader 0
expected #calls per nonconflicting writes in follower 0
total nonconflicting #calls in followers 0
q: 400000
after adding writes nodes
1 size: 0
2 size: 0
3 size: 0
after adding reads to followers
1 size: 0
2 size: 0
3 size: 0
after adding reads to all
1 size: 133333
2 size: 133333
3 size: 133333
expected calls to receive: 0
benchmark generated
ac042 ac043 ac044 ac053
slab class   1: chunk size        96 perslab   10922
slab class   2: chunk size       120 perslab    8738
slab class   3: chunk size       152 perslab    6898
slab class   4: chunk size       192 perslab    5461
slab class   5: chunk size       240 perslab    4369
slab class   6: chunk size       304 perslab    3449
slab class   7: chunk size       384 perslab    2730
slab class   8: chunk size       480 perslab    2184
slab class   9: chunk size       600 perslab    1747
slab class  10: chunk size       752 perslab    1394
slab class  11: chunk size       944 perslab    1110
slab class  12: chunk size      1184 perslab     885
slab class  13: chunk size      1480 perslab     708
slab class  14: chunk size      1856 perslab     564
slab class  15: chunk size      2320 perslab     451
slab class  16: chunk size      2904 perslab     361
slab class  17: chunk size      3632 perslab     288
slab class  18: chunk size      4544 perslab     230
slab class  19: chunk size      5680 perslab     184
slab class  20: chunk size      7104 perslab     147
slab class  21: chunk size      8880 perslab     118
slab class  22: chunk size     11104 perslab      94
slab class  23: chunk size     13880 perslab      75
slab class  24: chunk size     17352 perslab      60
slab class  25: chunk size     21696 perslab      48
slab class  26: chunk size     27120 perslab      38
slab class  27: chunk size     33904 perslab      30
slab class  28: chunk size     42384 perslab      24
slab class  29: chunk size     52984 perslab      19
slab class  30: chunk size     66232 perslab      15
slab class  31: chunk size     82792 perslab      12
slab class  32: chunk size    103496 perslab      10
slab class  33: chunk size    129376 perslab       8
slab class  34: chunk size    161720 perslab       6
slab class  35: chunk size    202152 perslab       5
slab class  36: chunk size    252696 perslab       4
slab class  37: chunk size    315872 perslab       3
slab class  38: chunk size    394840 perslab       2
slab class  39: chunk size    524288 perslab       2
<26 server listening (auto-negotiate)
<27 server listening (auto-negotiate)
ssh ac043 'cd /scratch/user/u.js213354/Hamband/; export DORY_REGISTRY_IP=10.71.1.142:9999; ./wellcoordination/build/bin/band 1 3 400000 0 kvstore 0 1 > /scratch/user/u.js213354/Hamband/wellcoordination/workload/3-400000-0/kvstore/AE_results/band-1-1-response-leader.log'
ssh ac044 'cd /scratch/user/u.js213354/Hamband/; export DORY_REGISTRY_IP=10.71.1.142:9999; ./wellcoordination/build/bin/band 2 3 400000 0 kvstore 0 1 > /scratch/user/u.js213354/Hamband/wellcoordination/workload/3-400000-0/kvstore/AE_results/band-2-1-response-leader.log'
ssh ac053 'cd /scratch/user/u.js213354/Hamband/; export DORY_REGISTRY_IP=10.71.1.142:9999; ./wellcoordination/build/bin/band 3 3 400000 0 kvstore 0 1 > /scratch/user/u.js213354/Hamband/wellcoordination/workload/3-400000-0/kvstore/AE_results/band-3-1-response-leader.log'
<28 new auto-negotiating client connection
28: Client using the ascii protocol
<28 set band-qp-1-for-2 0 0 36
>28 STORED
<28 set band-qp-1-for-3 0 0 36
>28 STORED
<28 set band-qp-1-ready(announce) 0 0 15
>28 STORED
<28 get band-qp-1-ready(announce)
>28 sending key band-qp-1-ready(announce)
>28 END
<28 get band-qp-2-ready(announce)
>28 END
<29 new auto-negotiating client connection
29: Client using the ascii protocol
<29 set band-qp-2-for-1 0 0 37
>29 STORED
<29 set band-qp-2-for-3 0 0 37
>29 STORED
<29 set band-qp-2-ready(announce) 0 0 15
>29 STORED
<29 get band-qp-2-ready(announce)
>29 sending key band-qp-2-ready(announce)
>29 END
<29 get band-qp-1-ready(announce)
>29 sending key band-qp-1-ready(announce)
>29 END
<29 get band-qp-3-ready(announce)
>29 END
<28 get band-qp-2-ready(announce)
>28 sending key band-qp-2-ready(announce)
>28 END
<28 get band-qp-3-ready(announce)
>28 END
<30 new auto-negotiating client connection
30: Client using the ascii protocol
<30 set band-qp-3-for-1 0 0 37
>30 STORED
<30 set band-qp-3-for-2 0 0 37
>30 STORED
<30 set band-qp-3-ready(announce) 0 0 15
>30 STORED
<30 get band-qp-3-ready(announce)
>30 sending key band-qp-3-ready(announce)
>30 END
<30 get band-qp-1-ready(announce)
>30 sending key band-qp-1-ready(announce)
>30 END
<30 get band-qp-2-ready(announce)
>30 sending key band-qp-2-ready(announce)
>30 END
<29 get band-qp-3-ready(announce)
>29 sending key band-qp-3-ready(announce)
>29 END
<28 get band-qp-3-ready(announce)
>28 sending key band-qp-3-ready(announce)
>28 END
<30 get band-qp-1-for-3
>30 sending key band-qp-1-for-3
>30 END
<30 get band-qp-2-for-3
>30 sending key band-qp-2-for-3
>30 END
<30 set band-qp-3-ready(connect) 0 0 14
>30 STORED
<30 get band-qp-3-ready(connect)
>30 sending key band-qp-3-ready(connect)
>30 END
<31 new auto-negotiating client connection
31: Client using the ascii protocol
<31 set qp-replication-3-for-1 0 0 38
>31 STORED
<31 set qp-replication-3-for-2 0 0 38
>31 STORED
<31 set qp-replication-3-ready(announce) 0 0 15
>31 STORED
<31 get qp-replication-3-ready(announce)
>31 sending key qp-replication-3-ready(announce)
>31 END
<31 set qp-leader-election-3-for-1 0 0 38
>31 STORED
<31 set qp-leader-election-3-for-2 0 0 38
>31 STORED
<31 set qp-leader-election-3-ready(announce) 0 0 15
>31 STORED
<31 get qp-leader-election-3-ready(announce)
>31 sending key qp-leader-election-3-ready(announce)
>31 END
<31 get qp-replication-1-ready(announce)
>31 END
<29 get band-qp-1-for-2
>29 sending key band-qp-1-for-2
>29 END
<29 get band-qp-3-for-2
>29 sending key band-qp-3-for-2
>29 END
<29 set band-qp-2-ready(connect) 0 0 14
>29 STORED
<29 get band-qp-2-ready(connect)
>29 sending key band-qp-2-ready(connect)
>29 END
<28 get band-qp-2-for-1
>28 sending key band-qp-2-for-1
>28 END
<28 get band-qp-3-for-1
>28 sending key band-qp-3-for-1
>28 END
<28 set band-qp-1-ready(connect) 0 0 14
>28 STORED
<28 get band-qp-1-ready(connect)
>28 sending key band-qp-1-ready(connect)
>28 END
<32 new auto-negotiating client connection
32: Client using the ascii protocol
<32 set qp-replication-2-for-1 0 0 38
>32 STORED
<32 set qp-replication-2-for-3 0 0 38
>32 STORED
<32 set qp-replication-2-ready(announce) 0 0 15
>32 STORED
<32 get qp-replication-2-ready(announce)
>32 sending key qp-replication-2-ready(announce)
>32 END
<32 set qp-leader-election-2-for-1 0 0 38
>32 STORED
<32 set qp-leader-election-2-for-3 0 0 38
>32 STORED
<32 set qp-leader-election-2-ready(announce) 0 0 15
>32 STORED
<32 get qp-leader-election-2-ready(announce)
>32 sending key qp-leader-election-2-ready(announce)
>32 END
<32 get qp-replication-1-ready(announce)
>32 END
<33 new auto-negotiating client connection
33: Client using the ascii protocol
<33 set qp-replication-1-for-2 0 0 37
>33 STORED
<33 set qp-replication-1-for-3 0 0 37
>33 STORED
<33 set qp-replication-1-ready(announce) 0 0 15
>33 STORED
<33 get qp-replication-1-ready(announce)
>33 sending key qp-replication-1-ready(announce)
>33 END
<33 set qp-leader-election-1-for-2 0 0 37
>33 STORED
<33 set qp-leader-election-1-for-3 0 0 37
>33 STORED
<33 set qp-leader-election-1-ready(announce) 0 0 15
>33 STORED
<33 get qp-leader-election-1-ready(announce)
>33 sending key qp-leader-election-1-ready(announce)
>33 END
<33 get qp-replication-2-ready(announce)
>33 sending key qp-replication-2-ready(announce)
>33 END
<33 get qp-replication-3-ready(announce)
>33 sending key qp-replication-3-ready(announce)
>33 END
<33 get qp-leader-election-2-ready(announce)
>33 sending key qp-leader-election-2-ready(announce)
>33 END
<33 get qp-leader-election-3-ready(announce)
>33 sending key qp-leader-election-3-ready(announce)
>33 END
<33 get qp-replication-2-for-1
>33 sending key qp-replication-2-for-1
>33 END
<33 get qp-replication-3-for-1
>33 sending key qp-replication-3-for-1
>33 END
<33 set qp-replication-1-ready(connect) 0 0 14
>33 STORED
<33 get qp-replication-1-ready(connect)
>33 sending key qp-replication-1-ready(connect)
>33 END
<33 get qp-leader-election-2-for-1
>33 sending key qp-leader-election-2-for-1
>33 END
<33 get qp-leader-election-3-for-1
>33 sending key qp-leader-election-3-for-1
>33 END
<33 set qp-leader-election-1-ready(connect) 0 0 14
>33 STORED
<33 get qp-leader-election-1-ready(connect)
>33 sending key qp-leader-election-1-ready(connect)
>33 END
<33 get qp-replication-2-ready(connect)
>33 END
<31 get qp-replication-1-ready(announce)
>31 sending key qp-replication-1-ready(announce)
>31 END
<31 get qp-replication-2-ready(announce)
>31 sending key qp-replication-2-ready(announce)
>31 END
<31 get qp-leader-election-1-ready(announce)
>31 sending key qp-leader-election-1-ready(announce)
>31 END
<31 get qp-leader-election-2-ready(announce)
>31 sending key qp-leader-election-2-ready(announce)
>31 END
<31 get qp-replication-1-for-3
>31 sending key qp-replication-1-for-3
>31 END
<31 get qp-replication-2-for-3
>31 sending key qp-replication-2-for-3
>31 END
<31 set qp-replication-3-ready(connect) 0 0 14
>31 STORED
<31 get qp-replication-3-ready(connect)
>31 sending key qp-replication-3-ready(connect)
>31 END
<31 get qp-leader-election-1-for-3
>31 sending key qp-leader-election-1-for-3
>31 END
<31 get qp-leader-election-2-for-3
>31 sending key qp-leader-election-2-for-3
>31 END
<31 set qp-leader-election-3-ready(connect) 0 0 14
>31 STORED
<31 get qp-leader-election-3-ready(connect)
>31 sending key qp-leader-election-3-ready(connect)
>31 END
<31 get qp-replication-1-ready(connect)
>31 sending key qp-replication-1-ready(connect)
>31 END
<31 get qp-replication-2-ready(connect)
>31 END
<32 get qp-replication-1-ready(announce)
>32 sending key qp-replication-1-ready(announce)
>32 END
<32 get qp-replication-3-ready(announce)
>32 sending key qp-replication-3-ready(announce)
>32 END
<32 get qp-leader-election-1-ready(announce)
>32 sending key qp-leader-election-1-ready(announce)
>32 END
<32 get qp-leader-election-3-ready(announce)
>32 sending key qp-leader-election-3-ready(announce)
>32 END
<32 get qp-replication-1-for-2
>32 sending key qp-replication-1-for-2
>32 END
<32 get qp-replication-3-for-2
>32 sending key qp-replication-3-for-2
>32 END
<32 set qp-replication-2-ready(connect) 0 0 14
>32 STORED
<32 get qp-replication-2-ready(connect)
>32 sending key qp-replication-2-ready(connect)
>32 END
<32 get qp-leader-election-1-for-2
>32 sending key qp-leader-election-1-for-2
>32 END
<32 get qp-leader-election-3-for-2
>32 sending key qp-leader-election-3-for-2
>32 END
<32 set qp-leader-election-2-ready(connect) 0 0 14
>32 STORED
<32 get qp-leader-election-2-ready(connect)
>32 sending key qp-leader-election-2-ready(connect)
>32 END
<32 get qp-replication-1-ready(connect)
>32 sending key qp-replication-1-ready(connect)
>32 END
<32 get qp-replication-3-ready(connect)
>32 sending key qp-replication-3-ready(connect)
>32 END
<32 get qp-leader-election-1-ready(connect)
>32 sending key qp-leader-election-1-ready(connect)
>32 END
<32 get qp-leader-election-3-ready(connect)
>32 sending key qp-leader-election-3-ready(connect)
>32 END
<33 get qp-replication-2-ready(connect)
>33 sending key qp-replication-2-ready(connect)
>33 END
<33 get qp-replication-3-ready(connect)
>33 sending key qp-replication-3-ready(connect)
>33 END
<33 get qp-leader-election-2-ready(connect)
>33 sending key qp-leader-election-2-ready(connect)
>33 END
<33 get qp-leader-election-3-ready(connect)
>33 sending key qp-leader-election-3-ready(connect)
>33 END
<31 get qp-replication-2-ready(connect)
>31 sending key qp-replication-2-ready(connect)
>31 END
<31 get qp-leader-election-1-ready(connect)
>31 sending key qp-leader-election-1-ready(connect)
>31 END
<31 get qp-leader-election-2-ready(connect)
>31 sending key qp-leader-election-2-ready(connect)
>31 END
<29 set 2 0 0 5
>29 STORED
<29 get 1
>29 END
<29 get 1
>29 END
<29 get 1
>29 END
<29 get 1
>29 END
<29 get 1
>29 END
<29 get 1
>29 END
<29 get 1
>29 END
<29 get 1
>29 END
<29 get 1
>29 END
<29 get 1
>29 END
<29 get 1
>29 END
<29 get 1
>29 END
<29 get 1
>29 END
<29 get 1
>29 END
<29 get 1
>29 END
<29 get 1
>29 END
<29 get 1
>29 END
<29 get 1
>29 END
<29 get 1
>29 END
<29 get 1
>29 END
<29 get 1
>29 END
<29 get 1
>29 END
<29 get 1
>29 END
<29 get 1
>29 END
<29 get 1
>29 END
<29 get 1
>29 END
<29 get 1
>29 END
<29 get 1
>29 END
<29 get 1
>29 END
<29 get 1
>29 END
<29 get 1
>29 END
<29 get 1
>29 END
<29 get 1
>29 END
<29 get 1
>29 END
<29 get 1
>29 END
<29 get 1
>29 END
<29 get 1
>29 END
<29 get 1
>29 END
<29 get 1
>29 END
<29 get 1
>29 END
<29 get 1
>29 END
<29 get 1
>29 END
<29 get 1
>29 END
<29 get 1
>29 END
<29 get 1
>29 END
<29 get 1
>29 END
<29 get 1
>29 END
<29 get 1
>29 END
<29 get 1
>29 END
<29 get 1
>29 END
<29 get 1
>29 END
<29 get 1
>29 END
<29 get 1
>29 END
<29 get 1
>29 END
<29 get 1
>29 END
<29 get 1
>29 END
<29 get 1
>29 END
<29 get 1
>29 END
<29 get 1
>29 END
<29 get 1
>29 END
<29 get 1
>29 END
<29 get 1
>29 END
<29 get 1
>29 END
<29 get 1
>29 END
<29 get 1
>29 END
<29 get 1
>29 END
<29 get 1
>29 END
<29 get 1
>29 END
<29 get 1
>29 END
<29 get 1
>29 END
<29 get 1
>29 END
<29 get 1
>29 END
<29 get 1
>29 END
<29 get 1
>29 END
<29 get 1
>29 END
<29 get 1
>29 END
<29 get 1
>29 END
<29 get 1
>29 END
<29 get 1
>29 END
<29 get 1
>29 END
<29 get 1
>29 END
<29 get 1
>29 END
<29 get 1
>29 END
<29 get 1
>29 END
<29 get 1
>29 END
<29 get 1
>29 END
<29 get 1
>29 END
<29 get 1
>29 END
<29 get 1
>29 END
<29 get 1
>29 END
<29 get 1
>29 END
<29 get 1
>29 END
<29 get 1
>29 END
<29 get 1
>29 END
<29 get 1
>29 END
<29 get 1
>29 END
<29 get 1
>29 END
<29 get 1
>29 END
<29 get 1
>29 END
<29 get 1
>29 END
<29 get 1
>29 END
<29 get 1
>29 END
<29 get 1
>29 END
<29 get 1
>29 END
<29 get 1
>29 END
<29 get 1
>29 END
<29 get 1
>29 END
<29 get 1
>29 END
<29 get 1
>29 END
<29 get 1
>29 END
<29 get 1
>29 END
<29 get 1
>29 END
<29 get 1
>29 END
<29 get 1
>29 END
<29 get 1
>29 END
<29 get 1
>29 END
<29 get 1
>29 END
<29 get 1
>29 END
<29 get 1
>29 END
<29 get 1
>29 END
<29 get 1
>29 END
<29 get 1
>29 END
<29 get 1
>29 END
<29 get 1
>29 END
<29 get 1
>29 END
<29 get 1
>29 END
<29 get 1
>29 END
<29 get 1
>29 END
<29 get 1
>29 END
<29 get 1
>29 END
<29 get 1
>29 END
<29 get 1
>29 END
<29 get 1
>29 END
<29 get 1
>29 END
<29 get 1
>29 END
<29 get 1
>29 END
<29 get 1
>29 END
<29 get 1
>29 END
<29 get 1
>29 END
<29 get 1
>29 END
<29 get 1
>29 END
<29 get 1
>29 END
<29 get 1
>29 END
<29 get 1
>29 END
<29 get 1
>29 END
<29 get 1
>29 END
<29 get 1
>29 END
<29 get 1
>29 END
<29 get 1
>29 END
<29 get 1
>29 END
<29 get 1
>29 END
<29 get 1
>29 END
<29 get 1
>29 END
<29 get 1
>29 END
<29 get 1
>29 END
<29 get 1
>29 END
<29 get 1
>29 END
<29 get 1
>29 END
<29 get 1
>29 END
<29 get 1
>29 END
<29 get 1
>29 END
<29 get 1
>29 END
<29 get 1
>29 END
<29 get 1
>29 END
<29 get 1
>29 END
<29 get 1
>29 END
<29 get 1
>29 END
<29 get 1
>29 END
<29 get 1
>29 END
<29 get 1
>29 END
<29 get 1
>29 END
<29 get 1
>29 END
<29 get 1
>29 END
<29 get 1
>29 END
<29 get 1
>29 END
<29 get 1
>29 END
<29 get 1
>29 END
<29 get 1
>29 END
<29 get 1
>29 END
<29 get 1
>29 END
<29 get 1
>29 END
<29 get 1
>29 END
<29 get 1
>29 END
<29 get 1
>29 END
<29 get 1
>29 END
<29 get 1
>29 END
<29 get 1
>29 END
<29 get 1
>29 END
<29 get 1
>29 END
<29 get 1
>29 END
<29 get 1
>29 END
<29 get 1
>29 END
<29 get 1
>29 END
<29 get 1
>29 END
<29 get 1
>29 END
<29 get 1
>29 END
<29 get 1
>29 END
<29 get 1
>29 END
<29 get 1
>29 END
<29 get 1
>29 END
<29 get 1
>29 END
<29 get 1
>29 END
<29 get 1
>29 END
<29 get 1
>29 END
<29 get 1
>29 END
<29 get 1
>29 END
<29 get 1
>29 END
<29 get 1
>29 END
<29 get 1
>29 END
<29 get 1
>29 END
<29 get 1
>29 END
<29 get 1
>29 END
<29 get 1
>29 END
<29 get 1
>29 END
<29 get 1
>29 END
<29 get 1
>29 END
<29 get 1
>29 END
<29 get 1
>29 END
<29 get 1
>29 END
<29 get 1
>29 END
<29 get 1
>29 END
<29 get 1
>29 END
<29 get 1
>29 END
<29 get 1
>29 END
<29 get 1
>29 END
<29 get 1
>29 END
<29 get 1
>29 END
<29 get 1
>29 END
<29 get 1
>29 END
<29 get 1
>29 END
<29 get 1
>29 END
<29 get 1
>29 END
<29 get 1
>29 END
<29 get 1
>29 END
<29 get 1
>29 END
<29 get 1
>29 END
<29 get 1
>29 END
<29 get 1
>29 END
<29 get 1
>29 END
<29 get 1
>29 END
<29 get 1
>29 END
<29 get 1
>29 END
<29 get 1
>29 END
<29 get 1
>29 END
<29 get 1
>29 END
<29 get 1
>29 END
<29 get 1
>29 END
<29 get 1
>29 END
<29 get 1
>29 END
<29 get 1
>29 END
<29 get 1
>29 END
<29 get 1
>29 END
<29 get 1
>29 END
<29 get 1
>29 END
<29 get 1
>29 END
<29 get 1
>29 END
<29 get 1
>29 END
<29 get 1
>29 END
<29 get 1
>29 END
<29 get 1
>29 END
<29 get 1
>29 END
<29 get 1
>29 END
<29 get 1
>29 END
<29 get 1
>29 END
<29 get 1
>29 END
<29 get 1
>29 END
<29 get 1
>29 END
<29 get 1
>29 END
<29 get 1
>29 END
<29 get 1
>29 END
<29 get 1
>29 END
<29 get 1
>29 END
<29 get 1
>29 END
<29 get 1
>29 END
<29 get 1
>29 END
<29 get 1
>29 END
<29 get 1
>29 END
<29 get 1
>29 END
<29 get 1
>29 END
<29 get 1
>29 END
<29 get 1
>29 END
<29 get 1
>29 END
<29 get 1
>29 END
<29 get 1
>29 END
<29 get 1
>29 END
<29 get 1
>29 END
<29 get 1
>29 END
<29 get 1
>29 END
<29 get 1
>29 END
<29 get 1
>29 END
<29 get 1
>29 END
<29 get 1
>29 END
<29 get 1
>29 END
<29 get 1
>29 END
<29 get 1
>29 END
<29 get 1
>29 END
<29 get 1
>29 END
<29 get 1
>29 END
<29 get 1
>29 END
<29 get 1
>29 END
<29 get 1
>29 END
<29 get 1
>29 END
<29 get 1
>29 END
<29 get 1
>29 END
<29 get 1
>29 END
<29 get 1
>29 END
<29 get 1
>29 END
<29 get 1
>29 END
<29 get 1
>29 END
<29 get 1
>29 END
<29 get 1
>29 END
<29 get 1
>29 END
<29 get 1
>29 END
<29 get 1
>29 END
<29 get 1
>29 END
<29 get 1
>29 END
<29 get 1
>29 END
<29 get 1
>29 END
<29 get 1
>29 END
<29 get 1
>29 END
<29 get 1
>29 END
<29 get 1
>29 END
<29 get 1
>29 END
<29 get 1
>29 END
<29 get 1
>29 END
<29 get 1
>29 END
<29 get 1
>29 END
<29 get 1
>29 END
<29 get 1
>29 END
<29 get 1
>29 END
<29 get 1
>29 END
<29 get 1
>29 END
<29 get 1
>29 END
<29 get 1
>29 END
<29 get 1
>29 END
<29 get 1
>29 END
<29 get 1
>29 END
<29 get 1
>29 END
<29 get 1
>29 END
<29 get 1
>29 END
<29 get 1
>29 END
<29 get 1
>29 END
<29 get 1
>29 END
<29 get 1
>29 END
<29 get 1
>29 END
<29 get 1
>29 END
<29 get 1
>29 END
<29 get 1
>29 END
<29 get 1
>29 END
<29 get 1
>29 END
<29 get 1
>29 END
<29 get 1
>29 END
<29 get 1
>29 END
<29 get 1
>29 END
<29 get 1
>29 END
<29 get 1
>29 END
<29 get 1
>29 END
<29 get 1
>29 END
<29 get 1
>29 END
<29 get 1
>29 END
<29 get 1
>29 END
<29 get 1
>29 END
<29 get 1
>29 END
<29 get 1
>29 END
<29 get 1
>29 END
<29 get 1
>29 END
<29 get 1
>29 END
<29 get 1
>29 END
<29 get 1
>29 END
<29 get 1
>29 END
<29 get 1
>29 END
<29 get 1
>29 END
<29 get 1
>29 END
<29 get 1
>29 END
<29 get 1
>29 END
<29 get 1
>29 END
<29 get 1
>29 END
<29 get 1
>29 END
<29 get 1
>29 END
<29 get 1
>29 END
<29 get 1
>29 END
<29 get 1
>29 END
<29 get 1
>29 END
<29 get 1
>29 END
<29 get 1
>29 END
<29 get 1
>29 END
<29 get 1
>29 END
<29 get 1
>29 END
<29 get 1
>29 END
<29 get 1
>29 END
<29 get 1
>29 END
<29 get 1
>29 END
<29 get 1
>29 END
<29 get 1
>29 END
<29 get 1
>29 END
<29 get 1
>29 END
<29 get 1
>29 END
<29 get 1
>29 END
<29 get 1
>29 END
<29 get 1
>29 END
<29 get 1
>29 END
<29 get 1
>29 END
<29 get 1
>29 END
<29 get 1
>29 END
<29 get 1
>29 END
<29 get 1
>29 END
<29 get 1
>29 END
<29 get 1
>29 END
<29 get 1
>29 END
<29 get 1
>29 END
<29 get 1
>29 END
<29 get 1
>29 END
<29 get 1
>29 END
<29 get 1
>29 END
<29 get 1
>29 END
<29 get 1
>29 END
<29 get 1
>29 END
<29 get 1
>29 END
<29 get 1
>29 END
<29 get 1
>29 END
<29 get 1
>29 END
<29 get 1
>29 END
<29 get 1
>29 END
<29 get 1
>29 END
<29 get 1
>29 END
<29 get 1
>29 END
<29 get 1
>29 END
<29 get 1
>29 END
<29 get 1
>29 END
<29 get 1
>29 END
<29 get 1
>29 END
<29 get 1
>29 END
<29 get 1
>29 END
<29 get 1
>29 END
<29 get 1
>29 END
<29 get 1
>29 END
<29 get 1
>29 END
<29 get 1
>29 END
<29 get 1
>29 END
<29 get 1
>29 END
<29 get 1
>29 END
<29 get 1
>29 END
<29 get 1
>29 END
<29 get 1
>29 END
<29 get 1
>29 END
<29 get 1
>29 END
<29 get 1
>29 END
<29 get 1
>29 END
<29 get 1
>29 END
<29 get 1
>29 END
<29 get 1
>29 END
<29 get 1
>29 END
<29 get 1
>29 END
<29 get 1
>29 END
<29 get 1
>29 END
<29 get 1
>29 END
<29 get 1
>29 END
<29 get 1
>29 END
<29 get 1
>29 END
<29 get 1
>29 END
<29 get 1
>29 END
<29 get 1
>29 END
<29 get 1
>29 END
<29 get 1
>29 END
<29 get 1
>29 END
<29 get 1
>29 END
<29 get 1
>29 END
<29 get 1
>29 END
<29 get 1
>29 END
<29 get 1
>29 END
<29 get 1
>29 END
<29 get 1
>29 END
<29 get 1
>29 END
<29 get 1
>29 END
<29 get 1
>29 END
<29 get 1
>29 END
<29 get 1
>29 END
<29 get 1
>29 END
<29 get 1
>29 END
<29 get 1
>29 END
<29 get 1
>29 END
<29 get 1
>29 END
<29 get 1
>29 END
<29 get 1
>29 END
<29 get 1
>29 END
<29 get 1
>29 END
<29 get 1
>29 END
<29 get 1
>29 END
<29 get 1
>29 END
<29 get 1
>29 END
<29 get 1
>29 END
<29 get 1
>29 END
<29 get 1
>29 END
<29 get 1
>29 END
<29 get 1
>29 END
<29 get 1
>29 END
<29 get 1
>29 END
<29 get 1
>29 END
<29 get 1
>29 END
<29 get 1
>29 END
<29 get 1
>29 END
<29 get 1
>29 END
<29 get 1
>29 END
<29 get 1
>29 END
<29 get 1
>29 END
<29 get 1
>29 END
<29 get 1
>29 END
<29 get 1
>29 END
<29 get 1
>29 END
<29 get 1
>29 END
<29 get 1
>29 END
<29 get 1
>29 END
<29 get 1
>29 END
<29 get 1
>29 END
<29 get 1
>29 END
<29 get 1
>29 END
<29 get 1
>29 END
<29 get 1
>29 END
<29 get 1
>29 END
<29 get 1
>29 END
<29 get 1
>29 END
<29 get 1
>29 END
<29 get 1
>29 END
<29 get 1
>29 END
<29 get 1
>29 END
<29 get 1
>29 END
<29 get 1
>29 END
<29 get 1
>29 END
<29 get 1
>29 END
<29 get 1
>29 END
<29 get 1
>29 END
<29 get 1
>29 END
<29 get 1
>29 END
<29 get 1
>29 END
<29 get 1
>29 END
<29 get 1
>29 END
<29 get 1
>29 END
<29 get 1
>29 END
<29 get 1
>29 END
<29 get 1
>29 END
<29 get 1
>29 END
<29 get 1
>29 END
<29 get 1
>29 END
<29 get 1
>29 END
<29 get 1
>29 END
<29 get 1
>29 END
<29 get 1
>29 END
<29 get 1
>29 END
<29 get 1
>29 END
<29 get 1
>29 END
<29 get 1
>29 END
<29 get 1
>29 END
<29 get 1
>29 END
<29 get 1
>29 END
<29 get 1
>29 END
<29 get 1
>29 END
<29 get 1
>29 END
<29 get 1
>29 END
<29 get 1
>29 END
<29 get 1
>29 END
<29 get 1
>29 END
<29 get 1
>29 END
<29 get 1
>29 END
<29 get 1
>29 END
<29 get 1
>29 END
<29 get 1
>29 END
<29 get 1
>29 END
<29 get 1
>29 END
<29 get 1
>29 END
<29 get 1
>29 END
<29 get 1
>29 END
<29 get 1
>29 END
<29 get 1
>29 END
<29 get 1
>29 END
<29 get 1
>29 END
<29 get 1
>29 END
<29 get 1
>29 END
<29 get 1
>29 END
<29 get 1
>29 END
<29 get 1
>29 END
<29 get 1
>29 END
<29 get 1
>29 END
<29 get 1
>29 END
<29 get 1
>29 END
<29 get 1
>29 END
<29 get 1
>29 END
<29 get 1
>29 END
<29 get 1
>29 END
<29 get 1
>29 END
<29 get 1
>29 END
<29 get 1
>29 END
<29 get 1
>29 END
<29 get 1
>29 END
<29 get 1
>29 END
<29 get 1
>29 END
<29 get 1
>29 END
<29 get 1
>29 END
<29 get 1
>29 END
<29 get 1
>29 END
<29 get 1
>29 END
<29 get 1
>29 END
<29 get 1
>29 END
<29 get 1
>29 END
<29 get 1
>29 END
<29 get 1
>29 END
<29 get 1
>29 END
<29 get 1
>29 END
<29 get 1
>29 END
<29 get 1
>29 END
<29 get 1
>29 END
<29 get 1
>29 END
<29 get 1
>29 END
<29 get 1
>29 END
<29 get 1
>29 END
<29 get 1
>29 END
<29 get 1
>29 END
<29 get 1
>29 END
<29 get 1
>29 END
<29 get 1
>29 END
<29 get 1
>29 END
<29 get 1
>29 END
<29 get 1
>29 END
<29 get 1
>29 END
<29 get 1
>29 END
<29 get 1
>29 END
<29 get 1
>29 END
<29 get 1
>29 END
<29 get 1
>29 END
<29 get 1
>29 END
<29 get 1
>29 END
<29 get 1
>29 END
<29 get 1
>29 END
<29 get 1
>29 END
<29 get 1
>29 END
<29 get 1
>29 END
<29 get 1
>29 END
<29 get 1
>29 END
<29 get 1
>29 END
<29 get 1
>29 END
<29 get 1
>29 END
<29 get 1
>29 END
<29 get 1
>29 END
<29 get 1
>29 END
<29 get 1
>29 END
<29 get 1
>29 END
<29 get 1
>29 END
<29 get 1
>29 END
<29 get 1
>29 END
<29 get 1
>29 END
<29 get 1
>29 END
<29 get 1
>29 END
<29 get 1
>29 END
<29 get 1
>29 END
<29 get 1
>29 END
<29 get 1
>29 END
<29 get 1
>29 END
<29 get 1
>29 END
<29 get 1
>29 END
<29 get 1
>29 END
<29 get 1
>29 END
<29 get 1
>29 END
<29 get 1
>29 END
<29 get 1
>29 END
<29 get 1
>29 END
<29 get 1
>29 END
<29 get 1
>29 END
<29 get 1
>29 END
<29 get 1
>29 END
<29 get 1
>29 END
<29 get 1
>29 END
<29 get 1
>29 END
<29 get 1
>29 END
<29 get 1
>29 END
<29 get 1
>29 END
<29 get 1
>29 END
<29 get 1
>29 END
<29 get 1
>29 END
<29 get 1
>29 END
<29 get 1
>29 END
<29 get 1
>29 END
<29 get 1
>29 END
<29 get 1
>29 END
<29 get 1
>29 END
<29 get 1
>29 END
<29 get 1
>29 END
<29 get 1
>29 END
<29 get 1
>29 END
<29 get 1
>29 END
<29 get 1
>29 END
<29 get 1
>29 END
<29 get 1
>29 END
<29 get 1
>29 END
<29 get 1
>29 END
<29 get 1
>29 END
<29 get 1
>29 END
<29 get 1
>29 END
<29 get 1
>29 END
<29 get 1
>29 END
<29 get 1
>29 END
<29 get 1
>29 END
<29 get 1
>29 END
<29 get 1
>29 END
<29 get 1
>29 END
<29 get 1
>29 END
<29 get 1
>29 END
<29 get 1
>29 END
<29 get 1
>29 END
<29 get 1
>29 END
<29 get 1
>29 END
<29 get 1
>29 END
<29 get 1
>29 END
<29 get 1
>29 END
<29 get 1
>29 END
<29 get 1
>29 END
<29 get 1
>29 END
<29 get 1
>29 END
<29 get 1
>29 END
<29 get 1
>29 END
<29 get 1
>29 END
<29 get 1
>29 END
<29 get 1
>29 END
<29 get 1
>29 END
<29 get 1
>29 END
<29 get 1
>29 END
<29 get 1
>29 END
<29 get 1
>29 END
<29 get 1
>29 END
<29 get 1
>29 END
<29 get 1
>29 END
<29 get 1
>29 END
<29 get 1
>29 END
<29 get 1
>29 END
<29 get 1
>29 END
<29 get 1
>29 END
<29 get 1
>29 END
<29 get 1
>29 END
<29 get 1
>29 END
<29 get 1
>29 END
<29 get 1
>29 END
<29 get 1
>29 END
<29 get 1
>29 END
<29 get 1
>29 END
<29 get 1
>29 END
<29 get 1
>29 END
<29 get 1
>29 END
<29 get 1
>29 END
<29 get 1
>29 END
<29 get 1
>29 END
<29 get 1
>29 END
<29 get 1
>29 END
<29 get 1
>29 END
<29 get 1
>29 END
<29 get 1
>29 END
<29 get 1
>29 END
<29 get 1
>29 END
<29 get 1
>29 END
<29 get 1
>29 END
<29 get 1
>29 END
<29 get 1
>29 END
<29 get 1
>29 END
<29 get 1
>29 END
<29 get 1
>29 END
<29 get 1
>29 END
<29 get 1
>29 END
<29 get 1
>29 END
<29 get 1
>29 END
<29 get 1
>29 END
<29 get 1
>29 END
<29 get 1
>29 END
<29 get 1
>29 END
<29 get 1
>29 END
<29 get 1
>29 END
<29 get 1
>29 END
<29 get 1
>29 END
<29 get 1
>29 END
<29 get 1
>29 END
<29 get 1
>29 END
<29 get 1
>29 END
<29 get 1
>29 END
<29 get 1
>29 END
<29 get 1
>29 END
<29 get 1
>29 END
<29 get 1
>29 END
<29 get 1
>29 END
<29 get 1
>29 END
<29 get 1
>29 END
<29 get 1
>29 END
<29 get 1
>29 END
<29 get 1
>29 END
<29 get 1
>29 END
<29 get 1
>29 END
<29 get 1
>29 END
<29 get 1
>29 END
<29 get 1
>29 END
<29 get 1
>29 END
<29 get 1
>29 END
<29 get 1
>29 END
<29 get 1
>29 END
<29 get 1
>29 END
<29 get 1
>29 END
<29 get 1
>29 END
<29 get 1
>29 END
<29 get 1
>29 END
<29 get 1
>29 END
<29 get 1
>29 END
<29 get 1
>29 END
<29 get 1
>29 END
<29 get 1
>29 END
<29 get 1
>29 END
<29 get 1
>29 END
<29 get 1
>29 END
<29 get 1
>29 END
<29 get 1
>29 END
<29 get 1
>29 END
<29 get 1
>29 END
<29 get 1
>29 END
<29 get 1
>29 END
<29 get 1
>29 END
<29 get 1
>29 END
<29 get 1
>29 END
<29 get 1
>29 END
<29 get 1
>29 END
<29 get 1
>29 END
<29 get 1
>29 END
<29 get 1
>29 END
<29 get 1
>29 END
<29 get 1
>29 END
<29 get 1
>29 END
<29 get 1
>29 END
<29 get 1
>29 END
<29 get 1
>29 END
<29 get 1
>29 END
<29 get 1
>29 END
<29 get 1
>29 END
<29 get 1
>29 END
<29 get 1
>29 END
<29 get 1
>29 END
<29 get 1
>29 END
<29 get 1
>29 END
<29 get 1
>29 END
<29 get 1
>29 END
<29 get 1
>29 END
<29 get 1
>29 END
<29 get 1
>29 END
<29 get 1
>29 END
<29 get 1
>29 END
<29 get 1
>29 END
<29 get 1
>29 END
<29 get 1
>29 END
<29 get 1
>29 END
<29 get 1
>29 END
<29 get 1
>29 END
<29 get 1
>29 END
<29 get 1
>29 END
<29 get 1
>29 END
<29 get 1
>29 END
<29 get 1
>29 END
<29 get 1
>29 END
<29 get 1
>29 END
<29 get 1
>29 END
<29 get 1
>29 END
<29 get 1
>29 END
<29 get 1
>29 END
<29 get 1
>29 END
<29 get 1
>29 END
<29 get 1
>29 END
<29 get 1
>29 END
<29 get 1
>29 END
<29 get 1
>29 END
<29 get 1
>29 END
<29 get 1
>29 END
<29 get 1
>29 END
<29 get 1
>29 END
<29 get 1
>29 END
<29 get 1
>29 END
<29 get 1
>29 END
<29 get 1
>29 END
<29 get 1
>29 END
<29 get 1
>29 END
<29 get 1
>29 END
<29 get 1
>29 END
<29 get 1
>29 END
<29 get 1
>29 END
<29 get 1
>29 END
<29 get 1
>29 END
<29 get 1
>29 END
<29 get 1
>29 END
<29 get 1
>29 END
<29 get 1
>29 END
<29 get 1
>29 END
<29 get 1
>29 END
<29 get 1
>29 END
<29 get 1
>29 END
<29 get 1
>29 END
<29 get 1
>29 END
<29 get 1
>29 END
<29 get 1
>29 END
<29 get 1
>29 END
<29 get 1
>29 END
<29 get 1
>29 END
<29 get 1
>29 END
<29 get 1
>29 END
<29 get 1
>29 END
<29 get 1
>29 END
<29 get 1
>29 END
<29 get 1
>29 END
<29 get 1
>29 END
<29 get 1
>29 END
<29 get 1
>29 END
<29 get 1
>29 END
<29 get 1
>29 END
<29 get 1
>29 END
<29 get 1
>29 END
<29 get 1
>29 END
<29 get 1
>29 END
<29 get 1
>29 END
<29 get 1
>29 END
<29 get 1
>29 END
<29 get 1
>29 END
<29 get 1
>29 END
<29 get 1
>29 END
<29 get 1
>29 END
<29 get 1
>29 END
<29 get 1
>29 END
<29 get 1
>29 END
<29 get 1
>29 END
<29 get 1
>29 END
<29 get 1
>29 END
<29 get 1
>29 END
<29 get 1
>29 END
<29 get 1
>29 END
<29 get 1
>29 END
<29 get 1
>29 END
<29 get 1
>29 END
<29 get 1
>29 END
<29 get 1
>29 END
<29 get 1
>29 END
<29 get 1
>29 END
<29 get 1
>29 END
<29 get 1
>29 END
<29 get 1
>29 END
<29 get 1
>29 END
<29 get 1
>29 END
<29 get 1
>29 END
<29 get 1
>29 END
<29 get 1
>29 END
<29 get 1
>29 END
<29 get 1
>29 END
<29 get 1
>29 END
<29 get 1
>29 END
<29 get 1
>29 END
<29 get 1
>29 END
<29 get 1
>29 END
<29 get 1
>29 END
<29 get 1
>29 END
<29 get 1
>29 END
<29 get 1
>29 END
<29 get 1
>29 END
<29 get 1
>29 END
<29 get 1
>29 END
<29 get 1
>29 END
<29 get 1
>29 END
<29 get 1
>29 END
<29 get 1
>29 END
<29 get 1
>29 END
<29 get 1
>29 END
<29 get 1
>29 END
<29 get 1
>29 END
<29 get 1
>29 END
<29 get 1
>29 END
<29 get 1
>29 END
<29 get 1
>29 END
<29 get 1
>29 END
<29 get 1
>29 END
<29 get 1
>29 END
<29 get 1
>29 END
<29 get 1
>29 END
<29 get 1
>29 END
<29 get 1
>29 END
<29 get 1
>29 END
<29 get 1
>29 END
<29 get 1
>29 END
<29 get 1
>29 END
<29 get 1
>29 END
<29 get 1
>29 END
<29 get 1
>29 END
<29 get 1
>29 END
<29 get 1
>29 END
<29 get 1
>29 END
<29 get 1
>29 END
<29 get 1
>29 END
<29 get 1
>29 END
<29 get 1
>29 END
<29 get 1
>29 END
<29 get 1
>29 END
<29 get 1
>29 END
<29 get 1
>29 END
<29 get 1
>29 END
<29 get 1
>29 END
<29 get 1
>29 END
<29 get 1
>29 END
<29 get 1
>29 END
<29 get 1
>29 END
<29 get 1
>29 END
<29 get 1
>29 END
<29 get 1
>29 END
<29 get 1
>29 END
<29 get 1
>29 END
<29 get 1
>29 END
<29 get 1
>29 END
<29 get 1
>29 END
<29 get 1
>29 END
<29 get 1
>29 END
<29 get 1
>29 END
<29 get 1
>29 END
<29 get 1
>29 END
<29 get 1
>29 END
<29 get 1
>29 END
<29 get 1
>29 END
<29 get 1
>29 END
<29 get 1
>29 END
<29 get 1
>29 END
<29 get 1
>29 END
<29 get 1
>29 END
<29 get 1
>29 END
<29 get 1
>29 END
<29 get 1
>29 END
<29 get 1
>29 END
<29 get 1
>29 END
<29 get 1
>29 END
<29 get 1
>29 END
<29 get 1
>29 END
<29 get 1
>29 END
<29 get 1
>29 END
<29 get 1
>29 END
<28 set 1 0 0 5
>28 STORED
<29 get 1
>29 sending key 1
>29 END
<29 get 2
>29 sending key 2
>29 END
<28 get 1
>28 sending key 1
>28 END
<29 set 2 0 0 16
>29 STORED
<28 get 2
>28 sending key 2
>28 END
<28 set 1 0 0 16
>28 STORED
<30 set 3 0 0 5
>30 STORED
<30 get 1
>30 sending key 1
>30 END
<30 get 2
>30 sending key 2
>30 END
<30 set 3 0 0 16
>30 STORED
<33 connection closed.
<28 connection closed.
bash: line 1: 1315103 Segmentation fault      (core dumped) ./wellcoordination/build/bin/band 1 3 400000 0 kvstore 0 1 > /scratch/user/u.js213354/Hamband/wellcoordination/workload/3-400000-0/kvstore/AE_results/band-1-1-response-leader.log
kill: usage: kill [-s sigspec | -n signum | -sigspec] pid | jobspec ... or kill -l [sigspec]
